<html>
<body>
<pre>
<h1>µVision Build Log</h1>
<h2>Tool Versions:</h2>
IDE-Version: ¦ÌVision V5.31.0.0
Copyright (C) 2020 ARM Ltd and ARM Germany GmbH. All rights reserved.
License Information: gong qws, cia, LIC=EXJT4-FJSEL-UHX8H-W2L0L-67JG6-WERQD
 
Tool Versions:
Toolchain:       MDK-ARM Plus  Version: 5.31.0.0
Toolchain Path:  D:\keil\keil\ARM\ARMCLANG\Bin
C Compiler:      ArmClang.exe V6.14
Assembler:       Armasm.exe V6.14
Linker/Locator:  ArmLink.exe V6.14
Library Manager: ArmAr.exe V6.14
Hex Converter:   FromElf.exe V6.14
CPU DLL:         SARMCM3.DLL V5.31.0.0
Dialog DLL:      DCM.DLL V1.17.3.0
Target DLL:      STLink\ST-LINKIII-KEIL_SWO.dll V3.0.7.0
Dialog DLL:      TCM.DLL V1.46.0.0
 
<h2>Project:</h2>
D:\ACFlyA9\code\vision_sppeed_A9_v1\A9-vision_speed\ACFly.uvprojx
Project File Date:  10/20/2021

<h2>Output:</h2>
*** Using Compiler 'V6.14', folder: 'D:\keil\keil\ARM\ARMCLANG\Bin'
Rebuild target 'Target 1'
compiling InternalStorage.cpp...
compiling Basic.cpp...
compiling TimeBase.cpp...
compiling GUI.cpp...
compiling main.cpp...
compiling GUI_Images.cpp...
compiling Missions.cpp...
compiling SDStorage.cpp...
compiling Parameters.cpp...
compiling Font.cpp...
assembling startup_stm32h743xx.s...
compiling system_stm32h7xx.c...
compiling stm32h7xx_hal_msp.c...
compiling stm32h7xx_hal_cortex.c...
compiling stm32h7xx_hal.c...
compiling stm32h7xx_hal_rcc.c...
compiling stm32h7xx_hal_tim_ex.c...
compiling stm32h7xx_hal_flash.c...
compiling stm32h7xx_hal_gpio.c...
compiling stm32h7xx_hal_flash_ex.c...
compiling stm32h7xx_hal_hsem.c...
compiling stm32h7xx_hal_rcc_ex.c...
compiling stm32h7xx_hal_tim.c...
compiling stm32h7xx_hal_dma_ex.c...
compiling stm32h7xx_hal_dma.c...
compiling stm32h7xx_hal_pwr.c...
compiling stm32h7xx_hal_i2c_ex.c...
compiling stm32h7xx_hal_pwr_ex.c...
compiling stm32h7xx_hal_mdma.c...
compiling stm32h7xx_hal_exti.c...
compiling stm32h7xx_hal_pcd_ex.c...
compiling stm32h7xx_ll_delayblock.c...
compiling stm32h7xx_hal_pcd.c...
compiling croutine.c...
compiling stm32h7xx_ll_sdmmc.c...
compiling stm32h7xx_hal_sd_ex.c...
compiling list.c...
compiling event_groups.c...
compiling stm32h7xx_ll_usb.c...
compiling stm32h7xx_hal_i2c.c...
compiling stm32h7xx_hal_sd.c...
compiling stream_buffer.c...
compiling heap_4.c...
compiling queue.c...
compiling port.c...
compiling timers.c...
compiling static_mem.c...
compiling tasks.c...
compiling cmsis_os.c...
compiling cpu_load.cpp...
compiling drv_Uart1.cpp...
compiling drv_LED.cpp...
compiling drv_USB.cpp...
compiling drv_Sensors.cpp...
compiling drv_Main.cpp...
compiling drv_Uart3.cpp...
compiling drv_Uart5.cpp...
compiling drv_Uart7.cpp...
compiling drv_Uart8.cpp...
compiling drv_RCSbus.cpp...
compiling drv_SDMMC.cpp...
compiling drv_ExtIIC.cpp...
compiling drv_Flash.cpp...
compiling drv_RCPPM.cpp...
compiling Receiver.cpp...
compiling drv_Oled.cpp...
compiling drv_ExtMag.cpp...
compiling Sensors.cpp...
compiling drv_PWMOut.cpp...
compiling drv_Ultrasonic.cpp...
compiling drv_TFMini.cpp...
compiling drv_ExtLed.cpp...
compiling drv_ExtSPL06.cpp...
compiling drv_InternalMag.cpp...
compiling drv_SDI.cpp...
compiling drv_ADC.cpp...
compiling drv_OpticalFlow_LC302.cpp...
compiling lfs_util.c...
compiling drv_OpticalFlow_LC306.cpp...
compiling drv_OpticalFlow_JL32xx.cpp...
compiling drv_OpticalFlow_GL9306.cpp...
compiling diskio.c...
compiling drv_RTK.cpp...
compiling drv_GPS.cpp...
compiling bsp_driver_sd.c...
compiling fatfs.c...
compiling ff_gen_drv.c...
compiling flash_diskio.c...
compiling ffsystem.c...
compiling sd_diskio.c...
compiling math_common_tables.cpp...
compiling ffunicode.c...
compiling lfs.c...
compiling Mavlink.cpp...
compiling Debug.cpp...
compiling MavlinkCMDProcess.cpp...
compiling MavlinkSendFuncs.cpp...
compiling MS_Main.cpp...
compiling MavlinkRCProcess.cpp...
compiling Modes.cpp...
compiling M10_RCCalib.cpp...
compiling ff.c...
compiling Commulink.cpp...
compiling M11_TempCalib.cpp...
compiling M12_AccCalib.cpp...
compiling M13_MagCalib.cpp...
compiling M30_AttCtrl.cpp...
compiling MSafe.cpp...
compiling M35_Auto1.cpp...
compiling NavCmdProcess.cpp...
compiling InFlightCmdProcess.cpp...
compiling M32_PosCtrl.cpp...
compiling ctrl_Main.cpp...
compiling AuxFuncs.cpp...
compiling Ctrl_Attitude.cpp...
compiling ctrl_Position.cpp...
linking...
Program Size: Code=427264 RO-data=277512 RW-data=552376 ZI-data=57836  
FromELF: creating hex file...
".\Objects\ACFly.axf" - 0 Error(s), 0 Warning(s).

<h2>Software Packages used:</h2>

Package Vendor: Keil
                https://www.keil.com/pack/Keil.STM32H7xx_DFP.2.3.0.pack
                Keil.STM32H7xx_DFP.2.3.0
                STMicroelectronics STM32H7 Series Device Support and Examples

<h2>Collection of Component include folders:</h2>
  D:\keil\keil\packs\Keil\STM32H7xx_DFP\2.3.0\Drivers\CMSIS\Device\ST\STM32H7xx\Include

<h2>Collection of Component Files used:</h2>
Build Time Elapsed:  00:00:29
</pre>
</body>
</html>
